// Vitest Snapshot v1, https://vitest.dev/guide/snapshot.html

exports[`golden: canonical mesocycle > matches the frozen snapshot 1`] = `
{
  "blockLengthWeeks": 6,
  "deloadWeekIndex": 6,
  "facts": [
    {
      "cause": "unspecified_target",
      "kind": "filled_default",
      "muscle": "TRAPS",
      "setTarget": 4,
    },
    {
      "cause": "unspecified_target",
      "kind": "filled_default",
      "muscle": "FRONT_DELTS",
      "setTarget": 0,
    },
    {
      "cause": "unspecified_target",
      "kind": "filled_default",
      "muscle": "REAR_DELTS",
      "setTarget": 6,
    },
    {
      "cause": "unspecified_target",
      "kind": "filled_default",
      "muscle": "BICEPS",
      "setTarget": 6,
    },
    {
      "cause": "unspecified_target",
      "kind": "filled_default",
      "muscle": "TRICEPS",
      "setTarget": 6,
    },
    {
      "cause": "unspecified_target",
      "kind": "filled_default",
      "muscle": "FOREARMS",
      "setTarget": 2,
    },
    {
      "cause": "unspecified_target",
      "kind": "filled_default",
      "muscle": "ABS",
      "setTarget": 0,
    },
    {
      "cause": "unspecified_target",
      "kind": "filled_default",
      "muscle": "HAMSTRINGS",
      "setTarget": 4,
    },
    {
      "cause": "unspecified_target",
      "kind": "filled_default",
      "muscle": "GLUTES",
      "setTarget": 0,
    },
    {
      "cause": "unspecified_target",
      "kind": "filled_default",
      "muscle": "CALVES",
      "setTarget": 6,
    },
    {
      "cause": "frequency_floor",
      "kind": "split_volume",
      "muscle": "SIDE_DELTS",
      "sessions": [
        "upper-a",
        "upper-b",
      ],
    },
    {
      "cause": "frequency_floor",
      "kind": "split_volume",
      "muscle": "BACK",
      "sessions": [
        "upper-c",
        "upper-a",
      ],
    },
    {
      "cause": "frequency_floor",
      "kind": "split_volume",
      "muscle": "CHEST",
      "sessions": [
        "upper-b",
        "upper-c",
      ],
    },
    {
      "cause": "frequency_floor",
      "kind": "split_volume",
      "muscle": "QUADS",
      "sessions": [
        "lower-a",
        "lower-b",
      ],
    },
    {
      "achieved": 0,
      "cause": "no_eligible_exercise",
      "kind": "deviation",
      "muscle": "CALVES",
      "target": 6,
    },
    {
      "achieved": 0,
      "cause": "no_eligible_exercise",
      "kind": "deviation",
      "muscle": "TRAPS",
      "target": 4,
    },
    {
      "achieved": 0,
      "cause": "no_eligible_exercise",
      "kind": "deviation",
      "muscle": "FOREARMS",
      "target": 2,
    },
    {
      "achieved": 19,
      "cause": "secondary_credit_overshoot",
      "kind": "deviation",
      "muscle": "BACK",
      "target": 18,
    },
    {
      "achieved": 9,
      "cause": "secondary_credit_overshoot",
      "kind": "deviation",
      "muscle": "BICEPS",
      "target": 6,
    },
    {
      "achieved": 0,
      "cause": "insufficient_capacity",
      "kind": "deviation",
      "muscle": "CALVES",
      "target": 6,
    },
    {
      "achieved": 9,
      "cause": "secondary_credit_overshoot",
      "kind": "deviation",
      "muscle": "REAR_DELTS",
      "target": 6,
    },
    {
      "achieved": 8,
      "cause": "secondary_credit_overshoot",
      "kind": "deviation",
      "muscle": "TRICEPS",
      "target": 6,
    },
    {
      "achieved": 0,
      "cause": "insufficient_capacity",
      "kind": "deviation",
      "muscle": "TRAPS",
      "target": 4,
    },
    {
      "achieved": 0,
      "cause": "insufficient_capacity",
      "kind": "deviation",
      "muscle": "FOREARMS",
      "target": 2,
    },
    {
      "achieved": 8,
      "cause": "secondary_credit_overshoot",
      "kind": "deviation",
      "muscle": "FRONT_DELTS",
      "target": 0,
    },
    {
      "achieved": 8,
      "cause": "secondary_credit_overshoot",
      "kind": "deviation",
      "muscle": "GLUTES",
      "target": 0,
    },
    {
      "achieved": 0,
      "cause": "no_eligible_exercise",
      "kind": "deviation",
      "muscle": "CALVES",
      "target": 6,
    },
    {
      "cause": "mev_floor",
      "from": 3,
      "kind": "raised_to_mev",
      "muscle": "HAMSTRINGS",
      "to": 4,
    },
    {
      "achieved": 0,
      "cause": "no_eligible_exercise",
      "kind": "deviation",
      "muscle": "TRAPS",
      "target": 4,
    },
    {
      "achieved": 0,
      "cause": "no_eligible_exercise",
      "kind": "deviation",
      "muscle": "FOREARMS",
      "target": 2,
    },
    {
      "achieved": 0,
      "cause": "no_eligible_exercise",
      "kind": "deviation",
      "muscle": "CALVES",
      "target": 6,
    },
    {
      "cause": "mev_floor",
      "from": 3,
      "kind": "raised_to_mev",
      "muscle": "HAMSTRINGS",
      "to": 4,
    },
    {
      "achieved": 0,
      "cause": "no_eligible_exercise",
      "kind": "deviation",
      "muscle": "TRAPS",
      "target": 4,
    },
    {
      "achieved": 0,
      "cause": "no_eligible_exercise",
      "kind": "deviation",
      "muscle": "FOREARMS",
      "target": 2,
    },
    {
      "achieved": 0,
      "cause": "no_eligible_exercise",
      "kind": "deviation",
      "muscle": "CALVES",
      "target": 6,
    },
    {
      "achieved": 0,
      "cause": "no_eligible_exercise",
      "kind": "deviation",
      "muscle": "TRAPS",
      "target": 4,
    },
    {
      "achieved": 0,
      "cause": "no_eligible_exercise",
      "kind": "deviation",
      "muscle": "FOREARMS",
      "target": 2,
    },
    {
      "achieved": 0,
      "cause": "no_eligible_exercise",
      "kind": "deviation",
      "muscle": "CALVES",
      "target": 6,
    },
    {
      "achieved": 0,
      "cause": "no_eligible_exercise",
      "kind": "deviation",
      "muscle": "TRAPS",
      "target": 4,
    },
    {
      "achieved": 0,
      "cause": "no_eligible_exercise",
      "kind": "deviation",
      "muscle": "FOREARMS",
      "target": 2,
    },
    {
      "achieved": 0,
      "cause": "no_eligible_exercise",
      "kind": "deviation",
      "muscle": "CALVES",
      "target": 6,
    },
    {
      "achieved": 0,
      "cause": "no_eligible_exercise",
      "kind": "deviation",
      "muscle": "TRAPS",
      "target": 4,
    },
    {
      "achieved": 0,
      "cause": "no_eligible_exercise",
      "kind": "deviation",
      "muscle": "FOREARMS",
      "target": 2,
    },
  ],
  "splitType": "UPPER_LOWER",
  "weeks": [
    {
      "index": 1,
      "isDeload": false,
      "muscleVolume": {
        "ABS": 0,
        "BACK": 15,
        "BICEPS": 7,
        "CALVES": 0,
        "CHEST": 12,
        "FOREARMS": 0,
        "FRONT_DELTS": 6,
        "GLUTES": 7,
        "HAMSTRINGS": 4,
        "QUADS": 10,
        "REAR_DELTS": 7,
        "SIDE_DELTS": 12,
        "TRAPS": 0,
        "TRICEPS": 6,
      },
      "sessions": [
        {
          "estimatedMinutes": 51,
          "label": "Upper A",
          "prescriptions": [
            {
              "exerciseName": "Lateral Raise",
              "repRangeHigh": 15,
              "repRangeLow": 10,
              "sets": 6,
              "targetRir": 1,
            },
            {
              "exerciseName": "Barbell Row",
              "repRangeHigh": 10,
              "repRangeLow": 6,
              "sets": 7,
              "targetRir": 2,
            },
          ],
          "slotId": "upper-a",
        },
        {
          "estimatedMinutes": 39,
          "label": "Lower A",
          "prescriptions": [
            {
              "exerciseName": "Leg Press",
              "repRangeHigh": 10,
              "repRangeLow": 6,
              "sets": 5,
              "targetRir": 2,
            },
            {
              "exerciseName": "Romanian Deadlift",
              "repRangeHigh": 10,
              "repRangeLow": 6,
              "sets": 4,
              "targetRir": 2,
            },
          ],
          "slotId": "lower-a",
        },
        {
          "estimatedMinutes": 48,
          "label": "Upper B",
          "prescriptions": [
            {
              "exerciseName": "Lateral Raise",
              "repRangeHigh": 15,
              "repRangeLow": 10,
              "sets": 6,
              "targetRir": 1,
            },
            {
              "exerciseName": "Barbell Bench Press",
              "repRangeHigh": 10,
              "repRangeLow": 6,
              "sets": 6,
              "targetRir": 2,
            },
          ],
          "slotId": "upper-b",
        },
        {
          "estimatedMinutes": 25,
          "label": "Lower B",
          "prescriptions": [
            {
              "exerciseName": "Leg Press",
              "repRangeHigh": 10,
              "repRangeLow": 6,
              "sets": 5,
              "targetRir": 2,
            },
          ],
          "slotId": "lower-b",
        },
        {
          "estimatedMinutes": 51,
          "label": "Upper C",
          "prescriptions": [
            {
              "exerciseName": "Barbell Row",
              "repRangeHigh": 10,
              "repRangeLow": 6,
              "sets": 7,
              "targetRir": 2,
            },
            {
              "exerciseName": "Barbell Bench Press",
              "repRangeHigh": 10,
              "repRangeLow": 6,
              "sets": 6,
              "targetRir": 2,
            },
          ],
          "slotId": "upper-c",
        },
      ],
    },
    {
      "index": 2,
      "isDeload": false,
      "muscleVolume": {
        "ABS": 0,
        "BACK": 15,
        "BICEPS": 7,
        "CALVES": 0,
        "CHEST": 14,
        "FOREARMS": 0,
        "FRONT_DELTS": 7,
        "GLUTES": 7,
        "HAMSTRINGS": 4,
        "QUADS": 10,
        "REAR_DELTS": 7,
        "SIDE_DELTS": 14,
        "TRAPS": 0,
        "TRICEPS": 7,
      },
      "sessions": [
        {
          "estimatedMinutes": 54,
          "label": "Upper A",
          "prescriptions": [
            {
              "exerciseName": "Lateral Raise",
              "repRangeHigh": 15,
              "repRangeLow": 10,
              "sets": 7,
              "targetRir": 1,
            },
            {
              "exerciseName": "Barbell Row",
              "repRangeHigh": 10,
              "repRangeLow": 6,
              "sets": 7,
              "targetRir": 2,
            },
          ],
          "slotId": "upper-a",
        },
        {
          "estimatedMinutes": 39,
          "label": "Lower A",
          "prescriptions": [
            {
              "exerciseName": "Leg Press",
              "repRangeHigh": 10,
              "repRangeLow": 6,
              "sets": 5,
              "targetRir": 2,
            },
            {
              "exerciseName": "Romanian Deadlift",
              "repRangeHigh": 10,
              "repRangeLow": 6,
              "sets": 4,
              "targetRir": 2,
            },
          ],
          "slotId": "lower-a",
        },
        {
          "estimatedMinutes": 54,
          "label": "Upper B",
          "prescriptions": [
            {
              "exerciseName": "Lateral Raise",
              "repRangeHigh": 15,
              "repRangeLow": 10,
              "sets": 7,
              "targetRir": 1,
            },
            {
              "exerciseName": "Barbell Bench Press",
              "repRangeHigh": 10,
              "repRangeLow": 6,
              "sets": 7,
              "targetRir": 2,
            },
          ],
          "slotId": "upper-b",
        },
        {
          "estimatedMinutes": 25,
          "label": "Lower B",
          "prescriptions": [
            {
              "exerciseName": "Leg Press",
              "repRangeHigh": 10,
              "repRangeLow": 6,
              "sets": 5,
              "targetRir": 2,
            },
          ],
          "slotId": "lower-b",
        },
        {
          "estimatedMinutes": 54,
          "label": "Upper C",
          "prescriptions": [
            {
              "exerciseName": "Barbell Row",
              "repRangeHigh": 10,
              "repRangeLow": 6,
              "sets": 7,
              "targetRir": 2,
            },
            {
              "exerciseName": "Barbell Bench Press",
              "repRangeHigh": 10,
              "repRangeLow": 6,
              "sets": 7,
              "targetRir": 2,
            },
          ],
          "slotId": "upper-c",
        },
      ],
    },
    {
      "index": 3,
      "isDeload": false,
      "muscleVolume": {
        "ABS": 0,
        "BACK": 17,
        "BICEPS": 8,
        "CALVES": 0,
        "CHEST": 14,
        "FOREARMS": 0,
        "FRONT_DELTS": 7,
        "GLUTES": 7,
        "HAMSTRINGS": 4,
        "QUADS": 10,
        "REAR_DELTS": 8,
        "SIDE_DELTS": 14,
        "TRAPS": 0,
        "TRICEPS": 7,
      },
      "sessions": [
        {
          "estimatedMinutes": 57,
          "label": "Upper A",
          "prescriptions": [
            {
              "exerciseName": "Lateral Raise",
              "repRangeHigh": 15,
              "repRangeLow": 10,
              "sets": 7,
              "targetRir": 1,
            },
            {
              "exerciseName": "Barbell Row",
              "repRangeHigh": 10,
              "repRangeLow": 6,
              "sets": 8,
              "targetRir": 2,
            },
          ],
          "slotId": "upper-a",
        },
        {
          "estimatedMinutes": 39,
          "label": "Lower A",
          "prescriptions": [
            {
              "exerciseName": "Leg Press",
              "repRangeHigh": 10,
              "repRangeLow": 6,
              "sets": 5,
              "targetRir": 2,
            },
            {
              "exerciseName": "Romanian Deadlift",
              "repRangeHigh": 10,
              "repRangeLow": 6,
              "sets": 4,
              "targetRir": 2,
            },
          ],
          "slotId": "lower-a",
        },
        {
          "estimatedMinutes": 54,
          "label": "Upper B",
          "prescriptions": [
            {
              "exerciseName": "Lateral Raise",
              "repRangeHigh": 15,
              "repRangeLow": 10,
              "sets": 7,
              "targetRir": 1,
            },
            {
              "exerciseName": "Barbell Bench Press",
              "repRangeHigh": 10,
              "repRangeLow": 6,
              "sets": 7,
              "targetRir": 2,
            },
          ],
          "slotId": "upper-b",
        },
        {
          "estimatedMinutes": 25,
          "label": "Lower B",
          "prescriptions": [
            {
              "exerciseName": "Leg Press",
              "repRangeHigh": 10,
              "repRangeLow": 6,
              "sets": 5,
              "targetRir": 2,
            },
          ],
          "slotId": "lower-b",
        },
        {
          "estimatedMinutes": 57,
          "label": "Upper C",
          "prescriptions": [
            {
              "exerciseName": "Barbell Row",
              "repRangeHigh": 10,
              "repRangeLow": 6,
              "sets": 8,
              "targetRir": 2,
            },
            {
              "exerciseName": "Barbell Bench Press",
              "repRangeHigh": 10,
              "repRangeLow": 6,
              "sets": 7,
              "targetRir": 2,
            },
          ],
          "slotId": "upper-c",
        },
      ],
    },
    {
      "index": 4,
      "isDeload": false,
      "muscleVolume": {
        "ABS": 0,
        "BACK": 17,
        "BICEPS": 8,
        "CALVES": 0,
        "CHEST": 16,
        "FOREARMS": 0,
        "FRONT_DELTS": 8,
        "GLUTES": 8,
        "HAMSTRINGS": 4,
        "QUADS": 12,
        "REAR_DELTS": 8,
        "SIDE_DELTS": 16,
        "TRAPS": 0,
        "TRICEPS": 8,
      },
      "sessions": [
        {
          "estimatedMinutes": 60,
          "label": "Upper A",
          "prescriptions": [
            {
              "exerciseName": "Lateral Raise",
              "repRangeHigh": 15,
              "repRangeLow": 10,
              "sets": 8,
              "targetRir": 1,
            },
            {
              "exerciseName": "Barbell Row",
              "repRangeHigh": 10,
              "repRangeLow": 6,
              "sets": 8,
              "targetRir": 2,
            },
          ],
          "slotId": "upper-a",
        },
        {
          "estimatedMinutes": 42,
          "label": "Lower A",
          "prescriptions": [
            {
              "exerciseName": "Leg Press",
              "repRangeHigh": 10,
              "repRangeLow": 6,
              "sets": 6,
              "targetRir": 2,
            },
            {
              "exerciseName": "Romanian Deadlift",
              "repRangeHigh": 10,
              "repRangeLow": 6,
              "sets": 4,
              "targetRir": 2,
            },
          ],
          "slotId": "lower-a",
        },
        {
          "estimatedMinutes": 60,
          "label": "Upper B",
          "prescriptions": [
            {
              "exerciseName": "Lateral Raise",
              "repRangeHigh": 15,
              "repRangeLow": 10,
              "sets": 8,
              "targetRir": 1,
            },
            {
              "exerciseName": "Barbell Bench Press",
              "repRangeHigh": 10,
              "repRangeLow": 6,
              "sets": 8,
              "targetRir": 2,
            },
          ],
          "slotId": "upper-b",
        },
        {
          "estimatedMinutes": 28,
          "label": "Lower B",
          "prescriptions": [
            {
              "exerciseName": "Leg Press",
              "repRangeHigh": 10,
              "repRangeLow": 6,
              "sets": 6,
              "targetRir": 2,
            },
          ],
          "slotId": "lower-b",
        },
        {
          "estimatedMinutes": 60,
          "label": "Upper C",
          "prescriptions": [
            {
              "exerciseName": "Barbell Row",
              "repRangeHigh": 10,
              "repRangeLow": 6,
              "sets": 8,
              "targetRir": 2,
            },
            {
              "exerciseName": "Barbell Bench Press",
              "repRangeHigh": 10,
              "repRangeLow": 6,
              "sets": 8,
              "targetRir": 2,
            },
          ],
          "slotId": "upper-c",
        },
      ],
    },
    {
      "index": 5,
      "isDeload": false,
      "muscleVolume": {
        "ABS": 0,
        "BACK": 19,
        "BICEPS": 9,
        "CALVES": 0,
        "CHEST": 16,
        "FOREARMS": 0,
        "FRONT_DELTS": 8,
        "GLUTES": 8,
        "HAMSTRINGS": 4,
        "QUADS": 12,
        "REAR_DELTS": 9,
        "SIDE_DELTS": 16,
        "TRAPS": 0,
        "TRICEPS": 8,
      },
      "sessions": [
        {
          "estimatedMinutes": 63,
          "label": "Upper A",
          "prescriptions": [
            {
              "exerciseName": "Lateral Raise",
              "repRangeHigh": 15,
              "repRangeLow": 10,
              "sets": 8,
              "targetRir": 1,
            },
            {
              "exerciseName": "Barbell Row",
              "repRangeHigh": 10,
              "repRangeLow": 6,
              "sets": 9,
              "targetRir": 2,
            },
          ],
          "slotId": "upper-a",
        },
        {
          "estimatedMinutes": 42,
          "label": "Lower A",
          "prescriptions": [
            {
              "exerciseName": "Leg Press",
              "repRangeHigh": 10,
              "repRangeLow": 6,
              "sets": 6,
              "targetRir": 2,
            },
            {
              "exerciseName": "Romanian Deadlift",
              "repRangeHigh": 10,
              "repRangeLow": 6,
              "sets": 4,
              "targetRir": 2,
            },
          ],
          "slotId": "lower-a",
        },
        {
          "estimatedMinutes": 60,
          "label": "Upper B",
          "prescriptions": [
            {
              "exerciseName": "Lateral Raise",
              "repRangeHigh": 15,
              "repRangeLow": 10,
              "sets": 8,
              "targetRir": 1,
            },
            {
              "exerciseName": "Barbell Bench Press",
              "repRangeHigh": 10,
              "repRangeLow": 6,
              "sets": 8,
              "targetRir": 2,
            },
          ],
          "slotId": "upper-b",
        },
        {
          "estimatedMinutes": 28,
          "label": "Lower B",
          "prescriptions": [
            {
              "exerciseName": "Leg Press",
              "repRangeHigh": 10,
              "repRangeLow": 6,
              "sets": 6,
              "targetRir": 2,
            },
          ],
          "slotId": "lower-b",
        },
        {
          "estimatedMinutes": 63,
          "label": "Upper C",
          "prescriptions": [
            {
              "exerciseName": "Barbell Row",
              "repRangeHigh": 10,
              "repRangeLow": 6,
              "sets": 9,
              "targetRir": 2,
            },
            {
              "exerciseName": "Barbell Bench Press",
              "repRangeHigh": 10,
              "repRangeLow": 6,
              "sets": 8,
              "targetRir": 2,
            },
          ],
          "slotId": "upper-c",
        },
      ],
    },
    {
      "index": 6,
      "isDeload": true,
      "muscleVolume": {
        "ABS": 0,
        "BACK": 6.5,
        "BICEPS": 3,
        "CALVES": 0,
        "CHEST": 6,
        "FOREARMS": 0,
        "FRONT_DELTS": 3,
        "GLUTES": 3,
        "HAMSTRINGS": 2,
        "QUADS": 4,
        "REAR_DELTS": 3,
        "SIDE_DELTS": 6,
        "TRAPS": 0,
        "TRICEPS": 3,
      },
      "sessions": [
        {
          "estimatedMinutes": 30,
          "label": "Upper A",
          "prescriptions": [
            {
              "exerciseName": "Lateral Raise",
              "repRangeHigh": 15,
              "repRangeLow": 10,
              "sets": 3,
              "targetRir": 4,
            },
            {
              "exerciseName": "Barbell Row",
              "repRangeHigh": 10,
              "repRangeLow": 6,
              "sets": 3,
              "targetRir": 4,
            },
          ],
          "slotId": "upper-a",
        },
        {
          "estimatedMinutes": 24,
          "label": "Lower A",
          "prescriptions": [
            {
              "exerciseName": "Leg Press",
              "repRangeHigh": 10,
              "repRangeLow": 6,
              "sets": 2,
              "targetRir": 4,
            },
            {
              "exerciseName": "Romanian Deadlift",
              "repRangeHigh": 10,
              "repRangeLow": 6,
              "sets": 2,
              "targetRir": 4,
            },
          ],
          "slotId": "lower-a",
        },
        {
          "estimatedMinutes": 30,
          "label": "Upper B",
          "prescriptions": [
            {
              "exerciseName": "Lateral Raise",
              "repRangeHigh": 15,
              "repRangeLow": 10,
              "sets": 3,
              "targetRir": 4,
            },
            {
              "exerciseName": "Barbell Bench Press",
              "repRangeHigh": 10,
              "repRangeLow": 6,
              "sets": 3,
              "targetRir": 4,
            },
          ],
          "slotId": "upper-b",
        },
        {
          "estimatedMinutes": 16,
          "label": "Lower B",
          "prescriptions": [
            {
              "exerciseName": "Leg Press",
              "repRangeHigh": 10,
              "repRangeLow": 6,
              "sets": 2,
              "targetRir": 4,
            },
          ],
          "slotId": "lower-b",
        },
        {
          "estimatedMinutes": 30,
          "label": "Upper C",
          "prescriptions": [
            {
              "exerciseName": "Barbell Row",
              "repRangeHigh": 10,
              "repRangeLow": 6,
              "sets": 3,
              "targetRir": 4,
            },
            {
              "exerciseName": "Barbell Bench Press",
              "repRangeHigh": 10,
              "repRangeLow": 6,
              "sets": 3,
              "targetRir": 4,
            },
          ],
          "slotId": "upper-c",
        },
      ],
    },
  ],
}
`;
